Path: c:/dir/my.csproj | ProjectDir
A | X: [Y1, Y2] ->
    B | X: [Y1, Y2] ->
        D | X: [Y1, Y2] ->
    C | X: [Y1, Y2] ->
