Path: c:/dir/my.csproj | ProjectDir
A -> ()
    D -> (Y1)
        D -> (Y1)
    D -> (Y2)
        D -> (Y2)
