{
  "Nodes": [
    {
      "Tp": "A",
      "Nodes": [],
      "Model": "X: [Y1, Y2]"
    }
  ],
  "Registrations": [
    {
      "Key": "X",
      "Value": "Y"
    }
  ]
}