<ItemsGroup>
  <Compile Include="ProjectDir\A.cs">
    <DependentUpon />
  </Compile>
  <Compile Include="ProjectDir\X.c.cs">
    <DependentUpon>A.cs</DependentUpon>
  </Compile>
  <Compile Include="ProjectDir\Y1.d.cs">
    <DependentUpon>X.c.cs</DependentUpon>
  </Compile>
  <Compile Include="ProjectDir\Y2.d.cs">
    <DependentUpon>X.c.cs</DependentUpon>
  </Compile>
</ItemsGroup>