<ItemGroup>
  <Compile Include="name">
    <DependentUpon>depeU</DependentUpon>
  </Compile>
</ItemGroup>